date,active,churn,signup
2023-01-01,241,19,61
2023-01-02,227,27,64
2023-01-03,219,25,47
2023-01-04,214,30,48
2023-01-05,229,19,62
2023-01-06,237,30,61
2023-01-07,194,25,60
2023-01-08,203,16,52
2023-01-09,206,25,59
2023-01-10,255,19,44
2023-01-11,252,27,69
2023-01-12,234,24,76
2023-01-13,228,25,42
2023-01-14,228,22,75
2023-01-15,223,22,68
2023-01-16,235,20,63
2023-01-17,213,25,48
2023-01-18,204,29,64
2023-01-19,233,25,57
2023-01-20,197,32,60
