carrier,dep_delay,rn,rnk
AA,-3,1,1
AA,-3,2,1
AA,-3,3,1
B6,-3,1,1
B6,2,2,2
B6,3,3,3
DL,-3,1,1
DL,-3,2,1
DL,-3,3,1
UA,-3,1,1
UA,-3,2,1
UA,0,3,2
WN,-3,1,1
WN,-1,2,2
WN,0,3,3
