day,hour,n
2023-03-01T00:00:00Z,0,2
2023-03-01T00:00:00Z,1,1
2023-03-01T00:00:00Z,2,6
2023-03-01T00:00:00Z,3,3
2023-03-01T00:00:00Z,4,5
2023-03-01T00:00:00Z,5,3
2023-03-01T00:00:00Z,6,2
2023-03-01T00:00:00Z,7,5
2023-03-01T00:00:00Z,8,2
2023-03-01T00:00:00Z,9,5
2023-03-01T00:00:00Z,10,3
2023-03-01T00:00:00Z,11,5
2023-03-01T00:00:00Z,12,8
2023-03-01T00:00:00Z,13,1
2023-03-01T00:00:00Z,14,2
2023-03-01T00:00:00Z,15,6
2023-03-01T00:00:00Z,16,1
2023-03-01T00:00:00Z,17,4
2023-03-01T00:00:00Z,18,2
2023-03-01T00:00:00Z,19,3
2023-03-01T00:00:00Z,20,3
2023-03-01T00:00:00Z,21,6
2023-03-01T00:00:00Z,22,6
2023-03-01T00:00:00Z,23,5
2023-03-02T00:00:00Z,1,6
2023-03-02T00:00:00Z,3,2
2023-03-02T00:00:00Z,4,3
2023-03-02T00:00:00Z,6,2
2023-03-02T00:00:00Z,7,2
2023-03-02T00:00:00Z,8,2
2023-03-02T00:00:00Z,9,5
2023-03-02T00:00:00Z,10,3
2023-03-02T00:00:00Z,11,3
2023-03-02T00:00:00Z,12,3
2023-03-02T00:00:00Z,13,4
2023-03-02T00:00:00Z,14,3
2023-03-02T00:00:00Z,16,3
2023-03-02T00:00:00Z,18,9
2023-03-02T00:00:00Z,19,3
2023-03-02T00:00:00Z,20,3
2023-03-02T00:00:00Z,21,4
2023-03-02T00:00:00Z,22,5
2023-03-02T00:00:00Z,23,1
2023-03-03T00:00:00Z,0,3
2023-03-03T00:00:00Z,1,3
2023-03-03T00:00:00Z,2,3
2023-03-03T00:00:00Z,3,1
2023-03-03T00:00:00Z,4,6
2023-03-03T00:00:00Z,5,1
2023-03-03T00:00:00Z,6,4
2023-03-03T00:00:00Z,7,8
2023-03-03T00:00:00Z,8,4
2023-03-03T00:00:00Z,9,5
2023-03-03T00:00:00Z,10,5
2023-03-03T00:00:00Z,11,2
2023-03-03T00:00:00Z,12,3
2023-03-03T00:00:00Z,13,3
2023-03-03T00:00:00Z,14,4
2023-03-03T00:00:00Z,15,4
2023-03-03T00:00:00Z,16,3
2023-03-03T00:00:00Z,17,3
2023-03-03T00:00:00Z,18,3
2023-03-03T00:00:00Z,19,5
2023-03-03T00:00:00Z,20,1
2023-03-03T00:00:00Z,21,2
2023-03-03T00:00:00Z,22,3
2023-03-03T00:00:00Z,23,6
